1>Comando no reconocido.
2>El info es (0,).
3>Fin.
