1>#  prueba son_iguales.
2>Son iguales.
3>Son iguales.
4>No son iguales.
5>No son iguales.
6>Fin.
