1>#  prueba leer_info.
2>El nuevo info es (1,uno).
3>El nuevo info es (2, uno dos).
4>Fin.
