1>Son iguales.
2>No son iguales.
3>No son iguales.
4>No son iguales.
5>El info combinado es (30,abccd).
6>El info combinado es (20,abc - - cd).
7>Fin.
