1>#  prueba numero_info.
2>El dato numÃ©rico es 0.
3>Fin.
