1>#  prueba frase_info.
2>El dato de texto es .
3>Fin.
