1>#  prueba copia_info.
2>La copia es (0,).
3>Fin.
