1>#  prueba combinar_info.
2>El info combinado es (99,qwerty).
3>El info combinado es (0,qwe - - rty).
4>Fin.
