1>El dato numérico es 0.
2>El dato de texto es .
3>El info es (0,).
4>Son iguales.
5>Son iguales.
6>No son iguales.
7>No son iguales.
8>No son iguales.
9>La copia es (0,).
10>El info es (0,).
11>El nuevo número es 100.
12>El info es (100,).
13>la nueva frase es xx x.
14>El info es (100,xx x).
15>El nuevo info es (50,asd f).
16>El info combinado es (99,asd f-qqq).
17>El info es (99,asd f-qqq).
18>Fin.
