1>#  prueba imprimir.
2>El dato numérico es 0.
3>El dato de texto es .
4>El info es (0,).
5>El nuevo número es 51.
6>El info es (51,).
7>la nueva frase es abcde.
8>El info es (51,abcde).
9>Fin.
