1>El nuevo info es (1,abc de).
2>El info es (1,abc de).
3>El nuevo info es (0,).
4>El info es (0,).
5>La copia es (0,).
6>El info es (0,).
7>El nuevo info es (2,abc).
8>La copia es (2,abc).
9>El info es (2,abc).
10>Fin.
